[0m13:06:15.190243 [debug] [MainThread]: Sending event: {'category': 'dbt', 'action': 'invocation', 'label': 'start', 'context': [<snowplow_tracker.self_describing_json.SelfDescribingJson object at 0x0000028479526E40>, <snowplow_tracker.self_describing_json.SelfDescribingJson object at 0x00000284752E7390>, <snowplow_tracker.self_describing_json.SelfDescribingJson object at 0x000002847723BB10>]}


============================== 13:06:15.201639 | 0d054234-26c6-482a-adc5-cf6df19d99f5 ==============================
[0m13:06:15.201639 [info ] [MainThread]: Running with dbt=1.10.13
[0m13:06:15.202976 [debug] [MainThread]: running dbt with arguments {'profiles_dir': 'C:\\Users\\Itumeleng\\.dbt', 'no_print': 'None', 'use_colors': 'True', 'write_json': 'True', 'printer_width': '80', 'warn_error': 'None', 'log_path': 'logs', 'partial_parse': 'True', 'fail_fast': 'False', 'send_anonymous_usage_stats': 'True', 'indirect_selection': 'eager', 'warn_error_options': 'WarnErrorOptionsV2(error=[], warn=[], silence=[])', 'static_parser': 'True', 'version_check': 'True', 'use_experimental_parser': 'False', 'introspect': 'True', 'quiet': 'False', 'empty': 'None', 'log_cache_events': 'False', 'debug': 'False', 'log_format': 'default', 'invocation_command': 'dbt debug', 'cache_selected_only': 'False', 'target_path': 'None'}
[0m13:06:15.263464 [info ] [MainThread]: dbt version: 1.10.13
[0m13:06:15.264454 [info ] [MainThread]: python version: 3.13.3
[0m13:06:15.265533 [info ] [MainThread]: python path: C:\Users\Itumeleng\PyCharmMiscProject\.venv\Scripts\python.exe
[0m13:06:15.266895 [info ] [MainThread]: os info: Windows-11-10.0.26100-SP0
[0m13:06:15.431913 [info ] [MainThread]: Using profiles dir at C:\Users\Itumeleng\.dbt
[0m13:06:15.432803 [info ] [MainThread]: Using profiles.yml file at C:\Users\Itumeleng\.dbt\profiles.yml
[0m13:06:15.433518 [info ] [MainThread]: Using dbt_project.yml file at C:\Users\Itumeleng\Personal Projects\Bank Customer Analytics\dbt_project.yml
[0m13:06:15.435564 [info ] [MainThread]: adapter type: postgres
[0m13:06:15.436329 [info ] [MainThread]: adapter version: 1.9.1
[0m13:06:15.437135 [info ] [MainThread]: Configuration:
[0m13:06:15.437819 [info ] [MainThread]:   profiles.yml file [[32mOK found and valid[0m]
[0m13:06:15.438502 [info ] [MainThread]:   dbt_project.yml file [[31mERROR not found[0m]
[0m13:06:15.439512 [info ] [MainThread]: Required dependencies:
[0m13:06:15.440342 [debug] [MainThread]: Executing "git --help"
[0m13:06:15.542453 [debug] [MainThread]: STDOUT: "b"usage: git [-v | --version] [-h | --help] [-C <path>] [-c <name>=<value>]\n           [--exec-path[=<path>]] [--html-path] [--man-path] [--info-path]\n           [-p | --paginate | -P | --no-pager] [--no-replace-objects] [--no-lazy-fetch]\n           [--no-optional-locks] [--no-advice] [--bare] [--git-dir=<path>]\n           [--work-tree=<path>] [--namespace=<name>] [--config-env=<name>=<envvar>]\n           <command> [<args>]\n\nThese are common Git commands used in various situations:\n\nstart a working area (see also: git help tutorial)\n   clone      Clone a repository into a new directory\n   init       Create an empty Git repository or reinitialize an existing one\n\nwork on the current change (see also: git help everyday)\n   add        Add file contents to the index\n   mv         Move or rename a file, a directory, or a symlink\n   restore    Restore working tree files\n   rm         Remove files from the working tree and from the index\n\nexamine the history and state (see also: git help revisions)\n   bisect     Use binary search to find the commit that introduced a bug\n   diff       Show changes between commits, commit and working tree, etc\n   grep       Print lines matching a pattern\n   log        Show commit logs\n   show       Show various types of objects\n   status     Show the working tree status\n\ngrow, mark and tweak your common history\n   backfill   Download missing objects in a partial clone\n   branch     List, create, or delete branches\n   commit     Record changes to the repository\n   merge      Join two or more development histories together\n   rebase     Reapply commits on top of another base tip\n   reset      Reset current HEAD to the specified state\n   switch     Switch branches\n   tag        Create, list, delete or verify a tag object signed with GPG\n\ncollaborate (see also: git help workflows)\n   fetch      Download objects and refs from another repository\n   pull       Fetch from and integrate with another repository or a local branch\n   push       Update remote refs along with associated objects\n\n'git help -a' and 'git help -g' list available subcommands and some\nconcept guides. See 'git help <command>' or 'git help <concept>'\nto read about a specific subcommand or concept.\nSee 'git help git' for an overview of the system.\n""
[0m13:06:15.543429 [debug] [MainThread]: STDERR: "b''"
[0m13:06:15.544697 [info ] [MainThread]:  - git [[32mOK found[0m]

[0m13:06:15.545727 [info ] [MainThread]: Connection:
[0m13:06:15.546820 [info ] [MainThread]:   host: localhost
[0m13:06:15.548477 [info ] [MainThread]:   port: 5432
[0m13:06:15.550721 [info ] [MainThread]:   user: itumeleng
[0m13:06:15.552243 [info ] [MainThread]:   database: bank_analytics
[0m13:06:15.553447 [info ] [MainThread]:   schema: analytics
[0m13:06:15.554836 [info ] [MainThread]:   connect_timeout: 10
[0m13:06:15.556067 [info ] [MainThread]:   role: None
[0m13:06:15.557168 [info ] [MainThread]:   search_path: None
[0m13:06:15.558317 [info ] [MainThread]:   keepalives_idle: 0
[0m13:06:15.559467 [info ] [MainThread]:   sslmode: None
[0m13:06:15.560881 [info ] [MainThread]:   sslcert: None
[0m13:06:15.562412 [info ] [MainThread]:   sslkey: None
[0m13:06:15.563861 [info ] [MainThread]:   sslrootcert: None
[0m13:06:15.565275 [info ] [MainThread]:   application_name: dbt
[0m13:06:15.566949 [info ] [MainThread]:   retries: 1
[0m13:06:15.568559 [info ] [MainThread]: Registered adapter: postgres=1.9.1
[0m13:06:16.283244 [debug] [MainThread]: Acquiring new postgres connection 'debug'
[0m13:06:16.666168 [debug] [MainThread]: Using postgres connection "debug"
[0m13:06:16.666845 [debug] [MainThread]: On debug: select 1 as id
[0m13:06:16.667343 [debug] [MainThread]: Opening a new connection, currently in state init
[0m13:06:16.861371 [debug] [MainThread]: SQL status: SELECT 1 in 0.194 seconds
[0m13:06:16.863208 [debug] [MainThread]: On debug: Close
[0m13:06:16.864010 [info ] [MainThread]:   Connection test: [[32mOK connection ok[0m]

[0m13:06:16.865221 [info ] [MainThread]: [31m1 check failed:[0m
[0m13:06:16.866687 [info ] [MainThread]: Project loading failed for the following reason:
 project path <C:\Users\Itumeleng\Personal Projects\Bank Customer Analytics\dbt_project.yml> not found

[0m13:06:16.869009 [debug] [MainThread]: Command `dbt debug` failed at 13:06:16.868718 after 2.11 seconds
[0m13:06:16.869708 [debug] [MainThread]: Connection 'debug' was properly closed.
[0m13:06:16.870361 [debug] [MainThread]: Sending event: {'category': 'dbt', 'action': 'invocation', 'label': 'end', 'context': [<snowplow_tracker.self_describing_json.SelfDescribingJson object at 0x000002847B8C6520>, <snowplow_tracker.self_describing_json.SelfDescribingJson object at 0x000002847B8DA210>, <snowplow_tracker.self_describing_json.SelfDescribingJson object at 0x000002847B77BAC0>]}
[0m13:06:16.871382 [debug] [MainThread]: Flushing usage events
[0m13:06:19.273048 [debug] [MainThread]: An error was encountered while trying to flush usage events
